// Jest Snapshot v1, https://goo.gl/fbAQLP

exports[`Plugin constants Events plugin 1`] = `"events"`;

exports[`Plugin constants Events pro plugin 1`] = `"events-pro"`;

exports[`Plugin constants Events virtual plugin 1`] = `"events-virtual"`;

exports[`Plugin constants Tickets plugin 1`] = `"tickets"`;

exports[`Plugin constants Tickets plus plugin 1`] = `"tickets-plus"`;
