// Jest Snapshot v1, https://goo.gl/fbAQLP

exports[`DayPickerInput element Should render the component 1`] = `
<div
  className="tribe-editor__date-input__container tribe-editor__day-picker-input DayPickerInput"
>
  <input
    className="tribe-editor__date-input"
    onChange={[Function]}
    onClick={[Function]}
    onMouseDown={[Function]}
    value="September 7, 2019"
  />
</div>
`;
