// Jest Snapshot v1, https://goo.gl/fbAQLP

exports[`LabeledInput Component renders correctly 1`] = `
<span
  class="classy-component__labeled-input"
>
  <span
    aria-hidden="true"
    class="classy-component__input-label"
    style="font-weight: var(--tec-font-weight-regular);"
  >
    Test Label
  </span>
  <input
    type="text"
  />
</span>
`;
