// Jest Snapshot v1, https://goo.gl/fbAQLP

exports[`LabeledInput Component renders correctly with default values 1`] = `
<label
  class="classy-component__labeled-input"
>
  <span
    class="classy-component__input-label"
    style="text-transform: capitalize; font-weight: var(--tec-font-weight-regular);"
  >
    Test Label
  </span>
  <input
    type="text"
  />
</label>
`;
